▲ Next.js 16.3.4 (Turbopack)
- Local:         http://localhost:3111
- Network:       http://10.63.125.14:3111
✓ Ready in 676ms
✓ Running next.config.ts took 40ms
⚠ The "middleware" file convention is deprecated. Please use "proxy" instead.

  To migrate automatically, run:
  npx @next/codemod@canary middleware-to-proxy .

  Learn more: https://nextjs.org/docs/messages/middleware-to-proxy

 GET / 200 in 551ms (next.js: 179ms, proxy.ts: 47ms, application-code: 325ms)
 GET / 200 in 107ms (next.js: 9ms, proxy.ts: 8ms, application-code: 90ms)
 GET /dashboard 200 in 177ms (next.js: 95ms, proxy.ts: 4ms, application-code: 78ms)
 GET /dashboard 200 in 44ms (next.js: 8ms, proxy.ts: 5ms, application-code: 31ms)
 GET /dashboard 200 in 43ms (next.js: 12ms, proxy.ts: 3ms, application-code: 28ms)
 GET / 200 in 29ms (next.js: 7ms, proxy.ts: 3ms, application-code: 18ms)
 GET /dashboard 200 in 48ms (next.js: 7ms, proxy.ts: 3ms, application-code: 38ms)
 GET /mobile 200 in 1162ms (next.js: 1004ms, proxy.ts: 5ms, application-code: 153ms)
[browser] Uncaught Error: Hydration failed because the server rendered text didn't match the client. As a result this tree will be regenerated on the client. This can happen if a SSR-ed Client Component used:

- A server/client branch `if (typeof window !== 'undefined')`.
- Variable input such as `Date.now()` or `Math.random()` which changes each time it's called.
- Date formatting in a user's locale which doesn't match the server.
- External changing data without sending a snapshot of it along with the HTML.
- Invalid HTML tag nesting.

It can also happen if the client has a browser extension installed which messes with the HTML before React loaded.

https://react.dev/link/hydration-mismatch

  ...
    <LoadingBoundary name="mobile/" loading={null}>
      <HTTPAccessFallbackBoundary notFound={undefined} forbidden={undefined} unauthorized={undefined}>
        <RedirectBoundary>
          <RedirectErrorBoundary router={{...}}>
            <InnerLayoutRouter url="/mobile" tree={[...]} params={{}} cacheNode={{rsc:{...}, ...}} segmentPath={[...]} ...>
              <SegmentViewNode type="page" pagePath="mobile/pag...">
                <SegmentTrieNode>
                <ClientPageRoot Component={function MobileEdgeNodePage} serverProvidedParams={{...}}>
                  <MobileEdgeNodePage params={Promise} searchParams={Promise}>
                    <div className="min-h-scre...">
                      <div>
                      <header className="bg-[#00214...">
                        <div className="flex items...">
                          <LinkComponent>
                          <div>
                          <div>
                            <div>
                            <div className="text-[10px...">
+                             AWS-MOB-30
-                             AWS-MOB-01
                              ...
                        ...
                      ...
              ...
            ...

    at <unknown> (https://react.dev/link/hydration-mismatch)
    at div (<anonymous>)
    at MobileEdgeNodePage (app/mobile/page.tsx:478:13)
  476 |               </span>
  477 |             </div>
> 478 |             <div className="text-[10px] text-slate-300 font-mono">
      |             ^
  479 |               ID: {stationId} • {packetCounter} frames
  480 |             </div>
  481 |           </div>
 POST /api/telemetry 200 in 160ms (next.js: 117ms, proxy.ts: 6ms, application-code: 37ms)
 POST /api/telemetry 200 in 22ms (next.js: 6ms, proxy.ts: 4ms, application-code: 11ms)
 POST /api/telemetry 200 in 21ms (next.js: 5ms, proxy.ts: 5ms, application-code: 10ms)
 POST /api/telemetry 200 in 15ms (next.js: 4ms, proxy.ts: 4ms, application-code: 7ms)
 POST /api/telemetry 200 in 11ms (next.js: 3ms, proxy.ts: 3ms, application-code: 6ms)
 POST /api/telemetry 200 in 13ms (next.js: 4ms, proxy.ts: 3ms, application-code: 6ms)
 POST /api/telemetry 200 in 16ms (next.js: 6ms, proxy.ts: 3ms, application-code: 8ms)
 POST /api/telemetry 200 in 15ms (next.js: 4ms, proxy.ts: 3ms, application-code: 8ms)
 GET /api/weather?lat=28.585&lon=77.206&stationId=AWS-MOB-01 200 in 1316ms (next.js: 47ms, proxy.ts: 5ms, application-code: 1264ms)
[ML Disagreement] Station AWS-MOB-30: Rule=NOMINAL_OPERATION, ML=SENSOR_SPIKE
 POST /api/telemetry 200 in 12ms (next.js: 3ms, proxy.ts: 3ms, application-code: 6ms)
 POST /api/telemetry 200 in 18ms (next.js: 5ms, proxy.ts: 4ms, application-code: 8ms)
 POST /api/telemetry 200 in 15ms (next.js: 3ms, proxy.ts: 4ms, application-code: 7ms)
 POST /api/telemetry 200 in 17ms (next.js: 6ms, proxy.ts: 4ms, application-code: 7ms)
 POST /api/telemetry 200 in 18ms (next.js: 6ms, proxy.ts: 4ms, application-code: 8ms)
 POST /api/telemetry 200 in 13ms (next.js: 3ms, proxy.ts: 2ms, application-code: 7ms)
 POST /api/telemetry 200 in 12ms (next.js: 4ms, proxy.ts: 2ms, application-code: 6ms)
 POST /api/telemetry 200 in 12ms (next.js: 4ms, proxy.ts: 3ms, application-code: 5ms)
 POST /api/telemetry 200 in 15ms (next.js: 5ms, proxy.ts: 4ms, application-code: 7ms)
 POST /api/telemetry 200 in 12ms (next.js: 4ms, proxy.ts: 2ms, application-code: 6ms)
 POST /api/telemetry 200 in 14ms (next.js: 4ms, proxy.ts: 4ms, application-code: 7ms)
[ML Disagreement] Station AWS-KOL-02: Rule=NOMINAL_OPERATION, ML=GENUINE_CONVECTIVE_EVENT
 GET /audit-report 200 in 588ms (next.js: 485ms, proxy.ts: 3ms, application-code: 99ms)
[browser] [ML Disagreement] Station AWS-KOL-02: Rule=NOMINAL_OPERATION, ML=GENUINE_CONVECTIVE_EVENT (lib/anomalyLogic.ts:405:15)
[browser] [ML Disagreement] Station AWS-KOL-02: Rule=NOMINAL_OPERATION, ML=GENUINE_CONVECTIVE_EVENT (lib/anomalyLogic.ts:405:15)
 GET / 200 in 32ms (next.js: 8ms, proxy.ts: 4ms, application-code: 20ms)
 GET / 200 in 42ms (next.js: 8ms, proxy.ts: 1.8ms, application-code: 32ms)
 GET / 200 in 36ms (next.js: 12ms, proxy.ts: 4ms, application-code: 20ms)
 GET /dashboard 200 in 28ms (next.js: 8ms, proxy.ts: 2.0ms, application-code: 18ms)
 GET / 200 in 21ms (next.js: 5ms, proxy.ts: 2ms, application-code: 13ms)
 GET /dashboard 200 in 27ms (next.js: 6ms, proxy.ts: 3ms, application-code: 18ms)
 GET / 200 in 624ms (next.js: 315ms, proxy.ts: 113ms, application-code: 196ms)
⨯ ./app/dashboard/page.tsx:2:1
Error: Module not found: Can't resolve '@/components/GovInstitutionalConsole'
  [90m1 |[0m [36mimport[0m [33mReact[0m [36mfrom[0m [32m'react'[0m;
[31m[1m>[0m [90m2 |[0m [36mimport[0m { [33mGovInstitutionalConsole[0m } [36mfrom[0m [32m'@/components/GovInstitutionalConsole'[0m;
  [90m  |[0m [31m[1m^^^^^^^^^^^^^^^^^^^^^^^^^^^^^^^^^^^^^^^^^^^^^^^^^^^^^^^^^^^^^^^^^^^^^^^^^^^^^^^[0m
  [90m3 |[0m [36mimport[0m { [33mMobileAppHeader[0m } [36mfrom[0m [32m'@/components/MobileAppHeader'[0m;
  [90m4 |[0m
  [90m5 |[0m [36mexport[0m [36mconst[0m metadata = {

Import map: aliased to relative './components/GovInstitutionalConsole' inside of [project]/


https://nextjs.org/docs/messages/module-not-found


⨯ ./app/dashboard/page.tsx:2:1
Error: Module not found: Can't resolve '@/components/GovInstitutionalConsole'
  [90m1 |[0m [36mimport[0m [33mReact[0m [36mfrom[0m [32m'react'[0m;
[31m[1m>[0m [90m2 |[0m [36mimport[0m { [33mGovInstitutionalConsole[0m } [36mfrom[0m [32m'@/components/GovInstitutionalConsole'[0m;
  [90m  |[0m [31m[1m^^^^^^^^^^^^^^^^^^^^^^^^^^^^^^^^^^^^^^^^^^^^^^^^^^^^^^^^^^^^^^^^^^^^^^^^^^^^^^^[0m
  [90m3 |[0m [36mimport[0m { [33mMobileAppHeader[0m } [36mfrom[0m [32m'@/components/MobileAppHeader'[0m;
  [90m4 |[0m
  [90m5 |[0m [36mexport[0m [36mconst[0m metadata = {

Import map: aliased to relative './components/GovInstitutionalConsole' inside of [project]/


https://nextjs.org/docs/messages/module-not-found


⨯ ./app/dashboard/page.tsx:3:1
Error: Module not found: Can't resolve '@/components/MobileAppHeader'
  [90m1 |[0m [36mimport[0m [33mReact[0m [36mfrom[0m [32m'react'[0m;
  [90m2 |[0m [36mimport[0m { [33mGovInstitutionalConsole[0m } [36mfrom[0m [32m'@/components/GovInstitutionalConsole'[0m;
[31m[1m>[0m [90m3 |[0m [36mimport[0m { [33mMobileAppHeader[0m } [36mfrom[0m [32m'@/components/MobileAppHeader'[0m;
  [90m  |[0m [31m[1m^^^^^^^^^^^^^^^^^^^^^^^^^^^^^^^^^^^^^^^^^^^^^^^^^^^^^^^^^^^^^^^[0m
  [90m4 |[0m
  [90m5 |[0m [36mexport[0m [36mconst[0m metadata = {
  [90m6 |[0m   title: [32m'MetShield AI | Intelligent Weather Telemetry'[0m,

Import map: aliased to relative './components/MobileAppHeader' inside of [project]/


https://nextjs.org/docs/messages/module-not-found


⨯ ./app/dashboard/page.tsx:3:1
Error: Module not found: Can't resolve '@/components/MobileAppHeader'
  [90m1 |[0m [36mimport[0m [33mReact[0m [36mfrom[0m [32m'react'[0m;
  [90m2 |[0m [36mimport[0m { [33mGovInstitutionalConsole[0m } [36mfrom[0m [32m'@/components/GovInstitutionalConsole'[0m;
[31m[1m>[0m [90m3 |[0m [36mimport[0m { [33mMobileAppHeader[0m } [36mfrom[0m [32m'@/components/MobileAppHeader'[0m;
  [90m  |[0m [31m[1m^^^^^^^^^^^^^^^^^^^^^^^^^^^^^^^^^^^^^^^^^^^^^^^^^^^^^^^^^^^^^^^[0m
  [90m4 |[0m
  [90m5 |[0m [36mexport[0m [36mconst[0m metadata = {
  [90m6 |[0m   title: [32m'MetShield AI | Intelligent Weather Telemetry'[0m,

Import map: aliased to relative './components/MobileAppHeader' inside of [project]/


https://nextjs.org/docs/messages/module-not-found


⨯ ./components/features/LandingPage.tsx:37:1
Error: Module not found: Can't resolve '@/components/GovInstitutionalConsole'
  [90m35 |[0m [36mimport[0m { [33mWeatherAtmosphereCanvas[0m } [36mfrom[0m [32m'@/components/WeatherAtmosphereCanvas'[0m;
  [90m36 |[0m [36mimport[0m { [33mGovSpatialConsensusPanel[0m } [36mfrom[0m [32m'@/components/GovSpatialConsensusPanel'[0m;
[31m[1m>[0m [90m37 |[0m [36mimport[0m { [33mGovInstitutionalConsole[0m } [36mfrom[0m [32m'@/components/GovInstitutionalConsole'[0m;
  [90m   |[0m [31m[1m^^^^^^^^^^^^^^^^^^^^^^^^^^^^^^^^^^^^^^^^^^^^^^^^^^^^^^^^^^^^^^^^^^^^^^^^^^^^^^^[0m
  [90m38 |[0m
  [90m39 |[0m [90m/* ─── Animated Counter Hook ─── */[0m
  [90m40 |[0m [36mfunction[0m useCounter(target: number, duration = [35m2000[0m, decimals = [35m0[0m) {

Import map: aliased to relative './components/GovInstitutionalConsole' inside of [project]/


Import trace:
  Server Component:
    ./components/features/LandingPage.tsx
    ./app/page.tsx

https://nextjs.org/docs/messages/module-not-found


⨯ ./components/features/LandingPage.tsx:37:1
Error: Module not found: Can't resolve '@/components/GovInstitutionalConsole'
  [90m35 |[0m [36mimport[0m { [33mWeatherAtmosphereCanvas[0m } [36mfrom[0m [32m'@/components/WeatherAtmosphereCanvas'[0m;
  [90m36 |[0m [36mimport[0m { [33mGovSpatialConsensusPanel[0m } [36mfrom[0m [32m'@/components/GovSpatialConsensusPanel'[0m;
[31m[1m>[0m [90m37 |[0m [36mimport[0m { [33mGovInstitutionalConsole[0m } [36mfrom[0m [32m'@/components/GovInstitutionalConsole'[0m;
  [90m   |[0m [31m[1m^^^^^^^^^^^^^^^^^^^^^^^^^^^^^^^^^^^^^^^^^^^^^^^^^^^^^^^^^^^^^^^^^^^^^^^^^^^^^^^[0m
  [90m38 |[0m
  [90m39 |[0m [90m/* ─── Animated Counter Hook ─── */[0m
  [90m40 |[0m [36mfunction[0m useCounter(target: number, duration = [35m2000[0m, decimals = [35m0[0m) {

Import map: aliased to relative './components/GovInstitutionalConsole' inside of [project]/


Import trace:
  Server Component:
    ./components/features/LandingPage.tsx
    ./app/page.tsx

https://nextjs.org/docs/messages/module-not-found


⨯ ./components/features/LandingPage.tsx:37:1
Error: Module not found: Can't resolve '@/components/GovInstitutionalConsole'
  [90m35 |[0m [36mimport[0m { [33mWeatherAtmosphereCanvas[0m } [36mfrom[0m [32m'@/components/WeatherAtmosphereCanvas'[0m;
  [90m36 |[0m [36mimport[0m { [33mGovSpatialConsensusPanel[0m } [36mfrom[0m [32m'@/components/GovSpatialConsensusPanel'[0m;
[31m[1m>[0m [90m37 |[0m [36mimport[0m { [33mGovInstitutionalConsole[0m } [36mfrom[0m [32m'@/components/GovInstitutionalConsole'[0m;
  [90m   |[0m [31m[1m^^^^^^^^^^^^^^^^^^^^^^^^^^^^^^^^^^^^^^^^^^^^^^^^^^^^^^^^^^^^^^^^^^^^^^^^^^^^^^^[0m
  [90m38 |[0m
  [90m39 |[0m [90m/* ─── Animated Counter Hook ─── */[0m
  [90m40 |[0m [36mfunction[0m useCounter(target: number, duration = [35m2000[0m, decimals = [35m0[0m) {

Import map: aliased to relative './components/GovInstitutionalConsole' inside of [project]/


Import trace:
  Server Component:
    ./components/features/LandingPage.tsx
    ./app/page.tsx

https://nextjs.org/docs/messages/module-not-found


⨯ ./components/features/LandingPage.tsx:37:1
Error: Module not found: Can't resolve '@/components/GovInstitutionalConsole'
  [90m35 |[0m [36mimport[0m { [33mWeatherAtmosphereCanvas[0m } [36mfrom[0m [32m'@/components/WeatherAtmosphereCanvas'[0m;
  [90m36 |[0m [36mimport[0m { [33mGovSpatialConsensusPanel[0m } [36mfrom[0m [32m'@/components/GovSpatialConsensusPanel'[0m;
[31m[1m>[0m [90m37 |[0m [36mimport[0m { [33mGovInstitutionalConsole[0m } [36mfrom[0m [32m'@/components/GovInstitutionalConsole'[0m;
  [90m   |[0m [31m[1m^^^^^^^^^^^^^^^^^^^^^^^^^^^^^^^^^^^^^^^^^^^^^^^^^^^^^^^^^^^^^^^^^^^^^^^^^^^^^^^[0m
  [90m38 |[0m
  [90m39 |[0m [90m/* ─── Animated Counter Hook ─── */[0m
  [90m40 |[0m [36mfunction[0m useCounter(target: number, duration = [35m2000[0m, decimals = [35m0[0m) {

Import map: aliased to relative './components/GovInstitutionalConsole' inside of [project]/


Import trace:
  Server Component:
    ./components/features/LandingPage.tsx
    ./app/page.tsx

https://nextjs.org/docs/messages/module-not-found


